
Memory Configuration

Name             Origin             Length             Attributes
flash            0x08000000         0x00020000         xr
sram             0x20000000         0x00005000         xrw
*default*        0x00000000         0xffffffff

Linker script and memory map


.text           0x20000000      0x12c load address 0x08000000
 *(.vectors*)
 .vectors       0x20000000       0x1c startup.o
                0x20000000                vectors
 *(.text*)
 .text          0x2000001c       0x7c main.o
                0x2000001c                main
 .text          0x20000098       0x94 startup.o
                0x20000098                NMI_Handler
                0x20000098                Usage_Fualt_Handler
                0x20000098                MM_Fualt_Handler
                0x20000098                H_Fault_Handler
                0x20000098                Bus_Handler
                0x20000098                Defualt_Handler
                0x200000a4                Reset_Handler
 *(.rodata*)
                0x2000012c                _E_text = .

.glue_7         0x2000012c        0x0 load address 0x0800012c
 .glue_7        0x2000012c        0x0 linker stubs

.glue_7t        0x2000012c        0x0 load address 0x0800012c
 .glue_7t       0x2000012c        0x0 linker stubs

.vfp11_veneer   0x2000012c        0x0 load address 0x0800012c
 .vfp11_veneer  0x2000012c        0x0 linker stubs

.v4_bx          0x2000012c        0x0 load address 0x0800012c
 .v4_bx         0x2000012c        0x0 linker stubs

.iplt           0x2000012c        0x0 load address 0x0800012c
 .iplt          0x2000012c        0x0 main.o

.rel.dyn        0x2000012c        0x0 load address 0x0800012c
 .rel.iplt      0x2000012c        0x0 main.o

.data           0x0800012c        0x4
                0x0800012c                _S_Data = .
 *(.data*)
 .data          0x0800012c        0x4 main.o
                0x0800012c                R_ODR
 .data          0x08000130        0x0 startup.o
                0x08000130                _E_Data = .
                0x08000130                . = ALIGN (0x4)

.igot.plt       0x08000130        0x0
 .igot.plt      0x08000130        0x0 main.o

.bss            0x2000012c     0x1000
                0x2000012c                _S_bss = .
 *(.bss*)
 .bss           0x2000012c        0x0 main.o
 .bss           0x2000012c        0x0 startup.o
                0x2000012c                _E_bss = .
                0x2000012c                . = ALIGN (0x4)
                0x2000112c                . = (. + 0x1000)
 *fill*         0x2000012c     0x1000 
                0x2000112c                _stack_top = .
LOAD main.o
LOAD startup.o
OUTPUT(Islam_Cortex_M3.elf elf32-littlearm)

.debug_info     0x00000000      0x2df
 .debug_info    0x00000000      0x14f main.o
 .debug_info    0x0000014f      0x190 startup.o

.debug_abbrev   0x00000000      0x1b4
 .debug_abbrev  0x00000000       0xde main.o
 .debug_abbrev  0x000000de       0xd6 startup.o

.debug_loc      0x00000000       0xb4
 .debug_loc     0x00000000       0x38 main.o
 .debug_loc     0x00000038       0x7c startup.o

.debug_aranges  0x00000000       0x40
 .debug_aranges
                0x00000000       0x20 main.o
 .debug_aranges
                0x00000020       0x20 startup.o

.debug_line     0x00000000      0x26b
 .debug_line    0x00000000      0x12b main.o
 .debug_line    0x0000012b      0x140 startup.o

.debug_str      0x00000000      0x1c8
 .debug_str     0x00000000      0x148 main.o
                                0x185 (size before relaxing)
 .debug_str     0x00000148       0x80 startup.o
                                0x1c8 (size before relaxing)

.comment        0x00000000       0x7e
 .comment       0x00000000       0x7e main.o
                                 0x7f (size before relaxing)
 .comment       0x0000007e       0x7f startup.o

.ARM.attributes
                0x00000000       0x33
 .ARM.attributes
                0x00000000       0x33 main.o
 .ARM.attributes
                0x00000033       0x33 startup.o

.debug_frame    0x00000000       0x7c
 .debug_frame   0x00000000       0x2c main.o
 .debug_frame   0x0000002c       0x50 startup.o
